2026-02-06 00:36:47,892 - audio_preprocessor - INFO - AudioPreprocessor initialized with sample rate: 22050
2026-02-06 00:36:47,892 - feature_extractor - INFO - FeatureExtractor initialized with sample rate: 22050
2026-02-06 00:36:47,892 - personalization_engine - INFO - PersonalizationEngine initialized
2026-02-06 00:36:47,893 - personalization_engine - INFO - Creating voice profile for Mahesh (mahesh1)
2026-02-06 00:36:47,893 - audio_preprocessor - INFO - Starting preprocessing pipeline for user_audio.mp3
2026-02-06 00:36:50,464 - audio_preprocessor - INFO - Loaded audio: user_audio.mp3
2026-02-06 00:36:50,464 - audio_preprocessor - INFO -   Duration: 39.85 seconds
2026-02-06 00:36:50,464 - audio_preprocessor - INFO -   Sample rate: 22050 Hz
2026-02-06 00:36:50,464 - audio_preprocessor - INFO -   Total samples: 878708
2026-02-06 00:36:50,464 - audio_preprocessor - INFO - Step 1: Audio loaded
2026-02-06 00:36:50,466 - audio_preprocessor - INFO - PERF [Step 1: Load] -> CPU: 95.2% | RAM: 192.54 MB
2026-02-06 00:36:51,682 - audio_preprocessor - INFO - Silence removal: removed 62068 samples
2026-02-06 00:36:51,682 - audio_preprocessor - INFO -   Original length: 878708 samples
2026-02-06 00:36:51,682 - audio_preprocessor - INFO -   After trimming: 816640 samples
2026-02-06 00:36:51,682 - audio_preprocessor - INFO - Step 2: Silence removed
2026-02-06 00:36:51,682 - audio_preprocessor - INFO - PERF [Step 2: Silence removed] -> CPU: 91.0% | RAM: 237.00 MB
2026-02-06 00:36:51,688 - audio_preprocessor - INFO - Normalization: max amplitude before = 0.0543
2026-02-06 00:36:51,690 - audio_preprocessor - INFO -   Max amplitude after = 1.0000
2026-02-06 00:36:51,690 - audio_preprocessor - INFO - Step 3: Normalized
2026-02-06 00:36:51,690 - audio_preprocessor - INFO - PERF [Step 3: Normalized] -> CPU: 0.0% | RAM: 236.76 MB
2026-02-06 00:36:51,690 - audio_preprocessor - INFO - Noise profile detected from first 0.5 seconds
2026-02-06 00:36:51,690 - audio_preprocessor - INFO -   Noise spectrum shape: (11025,)
2026-02-06 00:36:51,690 - audio_preprocessor - INFO - Simple noise reduction applied
2026-02-06 00:36:51,690 - audio_preprocessor - INFO - Step 4: Noise reduced
2026-02-06 00:36:51,690 - audio_preprocessor - INFO - PERF [Step 4: Noise reduced] -> CPU: 0.0% | RAM: 236.92 MB
2026-02-06 00:36:51,690 - audio_preprocessor - INFO - Preprocessing complete!
2026-02-06 00:36:51,690 - audio_preprocessor - INFO - PERF [Preprocessing complete] -> CPU: 0.0% | RAM: 236.92 MB
2026-02-06 00:36:51,694 - personalization_engine - INFO - Step 1: Audio loaded and cleaned
2026-02-06 00:36:51,694 - personalization_engine - INFO - PERF [Step 1: Audio loaded and cleaned] -> CPU: 93.8% | RAM: 236.92 MB
2026-02-06 00:36:51,694 - feature_extractor - INFO - Starting complete feature extraction
2026-02-06 00:36:51,763 - feature_extractor - INFO - Energy extraction: 1596 frames
2026-02-06 00:36:51,763 - feature_extractor - INFO -   Energy range: -73.38 to -34.00 dB
2026-02-06 00:36:51,763 - feature_extractor - INFO - Step 1: Energy extracted
2026-02-06 00:36:51,763 - feature_extractor - INFO - PERF [Step 1: Energy extracted] -> CPU: 96.4% | RAM: 241.93 MB
2026-02-06 00:37:08,022 - feature_extractor - INFO - Pitch extraction: 508 voiced frames
2026-02-06 00:37:08,022 - feature_extractor - INFO -   Mean pitch: 118.77 Hz
2026-02-06 00:37:08,022 - feature_extractor - INFO -   Pitch range: 65.41 - 163.86 Hz
2026-02-06 00:37:08,022 - feature_extractor - INFO -   Pitch std dev: 17.52 Hz
2026-02-06 00:37:08,022 - feature_extractor - INFO - Step 2: Pitch extracted
2026-02-06 00:37:08,022 - feature_extractor - INFO - PERF [Step 2: Pitch extracted] -> CPU: 98.7% | RAM: 243.29 MB
2026-02-06 00:37:08,032 - feature_extractor - INFO - Pause detection: 63 pauses found
2026-02-06 00:37:08,032 - feature_extractor - INFO -   Average pause duration: 0.147 seconds
2026-02-06 00:37:08,032 - feature_extractor - INFO - Step 3: Extract pauses
2026-02-06 00:37:08,032 - feature_extractor - INFO - PERF [Step 3: Extract pauses] -> CPU: 0.0% | RAM: 243.33 MB
2026-02-06 00:37:08,032 - feature_extractor - INFO - Speaking rate calculation:
2026-02-06 00:37:08,032 - feature_extractor - INFO -   Total duration: 37.04 seconds
2026-02-06 00:37:08,034 - feature_extractor - INFO -   Pause time: 9.26 seconds
2026-02-06 00:37:08,034 - feature_extractor - INFO -   Speaking time: 27.77 seconds
2026-02-06 00:37:08,034 - feature_extractor - INFO -   Estimated WPM: 150.0
2026-02-06 00:37:08,034 - feature_extractor - INFO - Step 4: Speaking rate calculated
2026-02-06 00:37:08,034 - feature_extractor - INFO - PERF [Step 4: Speaking rate calculated] -> CPU: 0.0% | RAM: 243.33 MB
2026-02-06 00:37:08,034 - feature_extractor - INFO - All features extracted successfully!
2026-02-06 00:37:08,034 - feature_extractor - INFO - PERF [All features extracted successfully!] -> CPU: 0.0% | RAM: 243.39 MB
2026-02-06 00:37:08,034 - personalization_engine - INFO - Step 2: Patterns analyzed
2026-02-06 00:37:08,036 - personalization_engine - INFO - PERF [Step 2: Patterns analyzed] -> CPU: 99.1% | RAM: 243.39 MB
2026-02-06 00:37:08,036 - personalization_engine - INFO - VoiceProfile created for user: mahesh1 (Mahesh)
2026-02-06 00:37:08,036 - personalization_engine - INFO - Step 3: Profile created
2026-02-06 00:37:08,036 - personalization_engine - INFO - PERF [Step 3: Profile created] -> CPU: 0.0% | RAM: 243.39 MB
2026-02-06 00:37:08,036 - personalization_engine - INFO - Step 4: Fill profile with extracted data
2026-02-06 00:37:08,036 - personalization_engine - INFO - PERF [Step 4: Fill profile with extracted data] -> CPU: 0.0% | RAM: 243.39 MB
2026-02-06 00:37:08,036 - personalization_engine - INFO - Voice profile for Mahesh created successfully!
2026-02-06 00:37:08,038 - personalization_engine - INFO - Synthesis parameters for user mahesh1 | pitch=0.66 speed=1.00 pause=0.147 energy=0.00
2026-02-06 00:37:08,040 - personalization_engine - INFO - Profile saved to profiles\mahesh1_profile.json
2026-02-06 00:37:08,040 - personalization_engine - INFO - Profile saved to profiles\mahesh1_profile.json
2026-02-06 00:39:04,566 - audio_preprocessor - INFO - AudioPreprocessor initialized with sample rate: 22050
2026-02-06 00:39:04,566 - feature_extractor - INFO - FeatureExtractor initialized with sample rate: 22050
2026-02-06 00:39:04,566 - personalization_engine - INFO - PersonalizationEngine initialized
2026-02-06 00:39:04,566 - personalization_engine - INFO - Loading profile for user: mahesh1
2026-02-06 00:39:04,581 - personalization_engine - INFO - VoiceProfile created for user: mahesh1 (Mahesh)
2026-02-06 00:39:04,581 - personalization_engine - INFO - Profile loaded for user mahesh1
2026-02-06 00:39:04,581 - personalization_engine - INFO - Profile loaded: Mahesh
2026-02-06 00:39:04,581 - personalization_engine - INFO - Synthesis parameters for user mahesh1 | pitch=0.66 speed=1.00 pause=0.147 energy=0.50
2026-02-06 00:39:04,581 - personalization_engine - INFO - Using parameters: pitch=0.66, speed=1.00
2026-02-06 00:39:04,581 - piper_synthesizer - INFO - Loading Piper model: en_US-danny-low.onnx
2026-02-06 00:39:06,052 - piper_synthesizer - INFO - Piper model loaded successfully
2026-02-06 00:39:06,052 - piper_synthesizer - INFO - Synthesizing: 'Hello world test text from onnx local model...' | pitch=0.66, speed=1.00
2026-02-06 00:39:06,295 - piper_synthesizer - INFO - PERF | inference_synthesis  | time=0.234s | cpu=54.0% | mem=66.1%
2026-02-06 00:39:06,295 - piper_synthesizer - INFO - Synthesis complete (94764 bytes)
2026-02-06 00:39:06,297 - personalization_engine - INFO - PERF | personalization_synthesis | time=0.235s | cpu=0.0% | mem=66.1%
2026-02-06 00:39:06,299 - piper_synthesizer - INFO - Audio saved: output.wav (92.5 KB)
2026-02-06 00:39:06,301 - personalization_engine - INFO - Personalized audio saved | user=mahesh1 | file=output.wav
